[Info] [normal] Forwarded QEMU guest port: 18755->22; 60099->8080 59576->6379 4884->5201 20730->31234 32185->31236 42750->11211
[Info] [test] Forwarded QEMU guest port: 19500->22; 23546->8080 28351->6379 57073->5201 56626->31234 60849->31236 33464->11211
    Updating crates.io index
    Updating git repository `https://github.com/asterinas/inherit-methods-macro`
    Updating git repository `https://github.com/asterinas/smoltcp`
    Updating git repository `https://github.com/asterinas/inventory`
    Updating git repository `https://github.com/asterinas/rust-ctor`
     Locking 221 packages to latest Rust 1.94.0-nightly compatible versions
      Adding subtle v2.4.1 (available: v2.6.1)
      Adding unwinding v0.2.8 (available: v0.2.9)
 Downloading crates ...
  Downloaded autocfg v1.5.1
  Downloaded defmt-macros v1.1.0
  Downloaded defmt v1.1.0
  Downloaded getset v0.1.7
  Downloaded bitflags v2.13.0
  Downloaded num-conv v0.2.2
  Downloaded either v1.16.0
  Downloaded time-core v0.1.9
  Downloaded smallvec v1.15.2
  Downloaded log v0.4.32
  Downloaded hashbrown v0.17.1
  Downloaded zerocopy-derive v0.8.52
  Downloaded typenum v1.20.1
  Downloaded zerocopy v0.8.52
  Downloaded time v0.3.49
  Downloaded syn v2.0.118
  Downloaded memchr v2.8.2
warning: failed to auto-clean cache data

failed to clean entries from the global cache

Caused by:
  failed to remove file `/home/lby/.cargo/registry/src/index.crates.io-1949cf8c6b5b557f/typenum-1.19.0/.gitattributes`

Caused by:
  Permission denied (os error 13)
   Compiling compiler_builtins v0.1.160 (/home/lby/.rustup/toolchains/nightly-2025-12-06-x86_64-unknown-linux-gnu/lib/rustlib/src/rust/library/compiler-builtins/compiler-builtins)
   Compiling core v0.0.0 (/home/lby/.rustup/toolchains/nightly-2025-12-06-x86_64-unknown-linux-gnu/lib/rustlib/src/rust/library/core)
   Compiling proc-macro2 v1.0.106
   Compiling quote v1.0.45
   Compiling unicode-ident v1.0.24
   Compiling syn v1.0.109
   Compiling zerocopy v0.8.52
   Compiling autocfg v1.5.1
   Compiling libc v0.2.186
   Compiling getrandom v0.3.4
   Compiling thiserror v2.0.18
   Compiling cfg-if v1.0.4
   Compiling ident_case v1.0.1
   Compiling rustversion v1.0.22
   Compiling radium v0.7.0
   Compiling strsim v0.10.0
   Compiling fnv v1.0.7
   Compiling serde_core v1.0.228
   Compiling serde v1.0.228
   Compiling x86 v0.52.0
   Compiling either v1.16.0
   Compiling hashbrown v0.17.1
   Compiling equivalent v1.0.2
   Compiling winnow v0.5.40
   Compiling version_check v0.9.5
   Compiling json v0.12.4
   Compiling typeflags-util v0.1.0 (/home/lby/os_com_codex/asterinas/kernel/libs/typeflags-util)
   Compiling paste v1.0.15
   Compiling semver v1.0.28
   Compiling itertools v0.10.5
   Compiling heapless v0.8.0
   Compiling owo-colors v4.3.0
   Compiling macro_rules_attribute-proc_macro v0.1.3
   Compiling smoltcp v0.11.0 (https://github.com/asterinas/smoltcp?tag=r_2024-11-08_f07e5b5#b10671de)
   Compiling memoffset v0.9.1
   Compiling num-traits v0.2.19
   Compiling rustc_version v0.4.1
   Compiling generic-array v0.14.9
   Compiling ahash v0.8.12
   Compiling crc32fast v1.5.0
   Compiling unicode-xid v0.2.6
   Compiling heapless v0.7.17
   Compiling indexmap v2.14.0
   Compiling syn v2.0.118
   Compiling const_format_proc_macros v0.2.34
   Compiling rand_core v0.9.5
   Compiling toml_datetime v0.6.11
   Compiling serde_spanned v0.6.9
   Compiling ppv-lite86 v0.2.21
   Compiling toml_edit v0.19.15
   Compiling rand_chacha v0.9.0
   Compiling darling_core v0.13.4
   Compiling rand v0.9.4
   Compiling zerocopy-derive v0.8.52
   Compiling thiserror-impl v2.0.18
   Compiling ptr_meta_derive v0.3.1
   Compiling int-to-c-enum-derive v0.1.0 (/home/lby/os_com_codex/asterinas/ostd/libs/int-to-c-enum/derive)
   Compiling ostd-pod-macros v0.4.0 (/home/lby/os_com_codex/asterinas/ostd/libs/ostd-pod/macros)
   Compiling padding-struct v0.2.0 (/home/lby/os_com_codex/asterinas/ostd/libs/padding-struct)
   Compiling ghost v0.1.21
   Compiling aster-rights-proc v0.1.0 (/home/lby/os_com_codex/asterinas/kernel/libs/aster-rights-proc)
   Compiling typeflags v0.1.0 (/home/lby/os_com_codex/asterinas/kernel/libs/typeflags)
   Compiling serde_derive v1.0.228
   Compiling getset v0.1.7
   Compiling atomic-integer-wrapper v0.1.0 (/home/lby/os_com_codex/asterinas/kernel/libs/atomic-integer-wrapper)
   Compiling ostd-macros v0.17.0 (/home/lby/os_com_codex/asterinas/ostd/libs/ostd-macros)
   Compiling ctor v0.1.25 (https://github.com/asterinas/rust-ctor#e30a5d96)
   Compiling ext-trait-proc_macros v1.0.1
   Compiling nougat-proc_macros v0.2.4
   Compiling lending-iterator-proc_macros v0.1.7
   Compiling controlled v0.1.0 (/home/lby/os_com_codex/asterinas/kernel/libs/comp-sys/controlled)
   Compiling toml v0.7.8
   Compiling darling_macro v0.13.4
   Compiling darling v0.13.4
   Compiling inherit-methods-macro v0.1.0 (https://github.com/asterinas/inherit-methods-macro?rev=98f7e3e#98f7e3eb)
   Compiling component-macro v0.1.0 (/home/lby/os_com_codex/asterinas/kernel/libs/comp-sys/component-macro)
   Compiling alloc v0.0.0 (/home/lby/.rustup/toolchains/nightly-2025-12-06-x86_64-unknown-linux-gnu/lib/rustlib/src/rust/library/alloc)
   Compiling scopeguard v1.2.0
   Compiling bitflags v2.13.0
   Compiling log v0.4.32
   Compiling bitflags v1.3.2
   Compiling bit_field v0.10.3
   Compiling tap v1.0.1
   Compiling volatile v0.4.6
   Compiling ptr_meta v0.3.1
   Compiling funty v2.0.0
   Compiling uguid v2.2.1
   Compiling int-to-c-enum v0.1.0 (/home/lby/os_com_codex/asterinas/ostd/libs/int-to-c-enum)
   Compiling gimli v0.32.3
   Compiling volatile v0.6.1
   Compiling ostd-test v0.17.0 (/home/lby/os_com_codex/asterinas/ostd/libs/ostd-test)
   Compiling smallvec v1.15.2
warning: unstable feature specified for `-Ctarget-feature`: `ermsb`
  |
  = note: this feature is not stably supported; its behavior can change in the future

   Compiling lock_api v0.4.14
   Compiling raw-cpuid v10.7.0
   Compiling intrusive-collections v0.9.7
   Compiling wyz v0.5.1
   Compiling linux-boot-params v0.17.0 (/home/lby/os_com_codex/asterinas/ostd/libs/linux-bzimage/boot-params)
warning: `int-to-c-enum` (lib) generated 1 warning
   Compiling align_ext v0.1.0 (/home/lby/os_com_codex/asterinas/ostd/libs/align_ext)
   Compiling multiboot2-common v0.3.0
   Compiling gimli v0.28.1
   Compiling inventory v0.3.3 (https://github.com/asterinas/inventory?rev=9dce587#9dce5871)
warning: `align_ext` (lib) generated 1 warning (1 duplicate)
   Compiling typenum v1.20.1
   Compiling x86_64 v0.14.13
warning: `linux-boot-params` (lib) generated 1 warning (1 duplicate)
   Compiling uefi-raw v0.12.0
   Compiling acpi v5.2.0
   Compiling component v0.1.0 (/home/lby/os_com_codex/asterinas/kernel/libs/comp-sys/component)
warning: `ostd-test` (lib) generated 1 warning (1 duplicate)
   Compiling aster-rights v0.1.0 (/home/lby/os_com_codex/asterinas/kernel/libs/aster-rights)
   Compiling byteorder v1.5.0
warning: `typeflags-util` (lib) generated 1 warning (1 duplicate)
   Compiling stable_deref_trait v1.2.1
   Compiling font8x8 v0.2.7
   Compiling allocator-api2 v0.2.21
   Compiling once_cell v1.21.4
   Compiling spin v0.9.8
warning: `aster-rights` (lib) generated 1 warning (1 duplicate)
   Compiling opaque-debug v0.3.1
   Compiling hash32 v0.3.1
   Compiling cpufeatures v0.2.17
   Compiling subtle v2.4.1
   Compiling macro_rules_attribute v0.1.3
   Compiling lazy_static v1.5.0
   Compiling bitvec v1.0.1
   Compiling managed v0.8.0
   Compiling memchr v2.8.2
   Compiling iced-x86 v1.21.0
   Compiling ext-trait v1.0.1
   Compiling extension-traits v1.0.1
   Compiling nougat v0.2.4
   Compiling hash32 v0.2.1
   Compiling polonius-the-crab v0.2.1
   Compiling takeable v0.2.2
   Compiling foldhash v0.2.0
   Compiling never-say-never v6.6.666
   Compiling jhash v0.1.0 (/home/lby/os_com_codex/asterinas/kernel/libs/jhash)
warning: `component` (lib) generated 1 warning (1 duplicate)
   Compiling cobs v0.3.0
   Compiling lending-iterator v0.1.7
   Compiling rle-decode-fast v1.0.3
   Compiling hashbrown v0.16.1
warning: `jhash` (lib) generated 1 warning (1 duplicate)
   Compiling konst_macro_rules v0.2.19
   Compiling bittle v0.5.7
   Compiling dary_heap v0.3.9
   Compiling core2 v0.4.0 (/home/lby/os_com_codex/asterinas/third_party/core2)
   Compiling konst v0.2.20
   Compiling powerfmt v0.2.0
   Compiling universal-hash v0.4.1
warning: the feature `maybe_uninit_ref` has been stable since 1.55.0 and no longer requires an attribute to enable
 --> /home/lby/os_com_codex/asterinas/third_party/core2/src/lib.rs:1:42
  |
1 | #![cfg_attr(feature = "nightly", feature(maybe_uninit_ref))]
  |                                          ^^^^^^^^^^^^^^^^
  |
  = note: `#[warn(stable_features)]` on by default

   Compiling cipher v0.3.0
   Compiling aead v0.4.3
   Compiling polyval v0.5.3
   Compiling num-conv v0.2.2
   Compiling ctr v0.8.0
   Compiling aes v0.7.5
   Compiling zero v0.1.3
   Compiling ghash v0.4.4
warning: `core2` (lib) generated 2 warnings (1 duplicate)
   Compiling adler32 v1.2.0
   Compiling deranged v0.5.8
   Compiling time-core v0.1.9
   Compiling xmas-elf v0.10.0
   Compiling cpio-decoder v0.1.0 (/home/lby/os_com_codex/asterinas/kernel/libs/cpio-decoder)
   Compiling const_format v0.2.36
   Compiling ext4_rs v1.3.3 (/home/lby/os_com_codex/asterinas/kernel/libs/ext4_rs)
   Compiling aes-gcm v0.9.4
warning: `cpio-decoder` (lib) generated 1 warning (1 duplicate)
   Compiling keyable-arc v0.1.0 (/home/lby/os_com_codex/asterinas/kernel/libs/keyable-arc)
   Compiling logo-ascii-art v0.1.0 (/home/lby/os_com_codex/asterinas/kernel/libs/logo-ascii-art)
warning: `logo-ascii-art` (lib) generated 1 warning (1 duplicate)
warning: `keyable-arc` (lib) generated 1 warning (1 duplicate)
warning: the feature `error_in_core` has been stable since 1.81.0 and no longer requires an attribute to enable
 --> /home/lby/os_com_codex/asterinas/kernel/libs/ext4_rs/src/lib.rs:1:12
  |
1 | #![feature(error_in_core)]
  |            ^^^^^^^^^^^^^
  |
  = note: `#[warn(stable_features)]` on by default

   Compiling lru v0.16.4
   Compiling unwinding v0.2.8
   Compiling multiboot2 v0.24.1
   Compiling time v0.3.49
   Compiling id-alloc v0.1.0 (/home/lby/os_com_codex/asterinas/ostd/libs/id-alloc)
warning: `id-alloc` (lib) generated 1 warning (1 duplicate)
   Compiling ostd-pod v0.4.0 (/home/lby/os_com_codex/asterinas/ostd/libs/ostd-pod)
warning: `ostd-pod` (lib) generated 1 warning (1 duplicate)
   Compiling postcard v1.1.3
   Compiling hashbrown v0.14.5
   Compiling tdx-guest v0.2.4
   Compiling libflate_lz77 v2.1.0 (/home/lby/os_com_codex/asterinas/third_party/libflate_lz77)
warning: `ext4_rs` (lib) generated 2 warnings (1 duplicate)
   Compiling ostd v0.17.0 (/home/lby/os_com_codex/asterinas/ostd)
   Compiling libflate v2.1.0 (/home/lby/os_com_codex/asterinas/third_party/libflate)
warning: `libflate_lz77` (lib) generated 1 warning (1 duplicate)
warning: unexpected `cfg` condition name: `fuzzing`
   --> /home/lby/os_com_codex/asterinas/third_party/libflate/src/gzip.rs:430:44
    |
430 |         if flags & F_HCRC != 0 && cfg!(not(fuzzing)) {
    |                                            ^^^^^^^
    |
    = help: expected names are: `docsrs`, `feature`, `ktest`, and `test` and 31 more
    = help: consider using a Cargo feature instead
    = help: or consider adding in `Cargo.toml` the `check-cfg` lint config for the lint:
             [lints.rust]
             unexpected_cfgs = { level = "warn", check-cfg = ['cfg(fuzzing)'] }
    = help: or consider adding `println!("cargo::rustc-check-cfg=cfg(fuzzing)");` to the top of the `build.rs`
    = note: see <https://doc.rust-lang.org/nightly/rustc/check-cfg/cargo-specifics.html> for more information about checking conditional configuration
    = note: `#[warn(unexpected_cfgs)]` on by default

warning: unexpected `cfg` condition name: `fuzzing`
    --> /home/lby/os_com_codex/asterinas/third_party/libflate/src/gzip.rs:1034:29
     |
1034 |                 if cfg!(not(fuzzing)) && trailer.crc32 != self.crc32.value() {
     |                             ^^^^^^^
     |
     = help: consider using a Cargo feature instead
     = help: or consider adding in `Cargo.toml` the `check-cfg` lint config for the lint:
              [lints.rust]
              unexpected_cfgs = { level = "warn", check-cfg = ['cfg(fuzzing)'] }
     = help: or consider adding `println!("cargo::rustc-check-cfg=cfg(fuzzing)");` to the top of the `build.rs`
     = note: see <https://doc.rust-lang.org/nightly/rustc/check-cfg/cargo-specifics.html> for more information about checking conditional configuration

warning: unexpected `cfg` condition name: `fuzzing`
   --> /home/lby/os_com_codex/asterinas/third_party/libflate/src/non_blocking/gzip.rs:138:29
    |
138 |                 if cfg!(not(fuzzing)) && trailer.crc32() != self.crc32.value() {
    |                             ^^^^^^^
    |
    = help: consider using a Cargo feature instead
    = help: or consider adding in `Cargo.toml` the `check-cfg` lint config for the lint:
             [lints.rust]
             unexpected_cfgs = { level = "warn", check-cfg = ['cfg(fuzzing)'] }
    = help: or consider adding `println!("cargo::rustc-check-cfg=cfg(fuzzing)");` to the top of the `build.rs`
    = note: see <https://doc.rust-lang.org/nightly/rustc/check-cfg/cargo-specifics.html> for more information about checking conditional configuration

warning: unexpected `cfg` condition name: `fuzzing`
   --> /home/lby/os_com_codex/asterinas/third_party/libflate/src/non_blocking/zlib.rs:138:29
    |
138 |                 if cfg!(not(fuzzing)) && adler32 != self.adler32.value() {
    |                             ^^^^^^^
    |
    = help: consider using a Cargo feature instead
    = help: or consider adding in `Cargo.toml` the `check-cfg` lint config for the lint:
             [lints.rust]
             unexpected_cfgs = { level = "warn", check-cfg = ['cfg(fuzzing)'] }
    = help: or consider adding `println!("cargo::rustc-check-cfg=cfg(fuzzing)");` to the top of the `build.rs`
    = note: see <https://doc.rust-lang.org/nightly/rustc/check-cfg/cargo-specifics.html> for more information about checking conditional configuration

warning: unexpected `cfg` condition name: `fuzzing`
   --> /home/lby/os_com_codex/asterinas/third_party/libflate/src/zlib.rs:395:29
    |
395 |                 if cfg!(not(fuzzing)) && adler32 != self.adler32.value() {
    |                             ^^^^^^^
    |
    = help: consider using a Cargo feature instead
    = help: or consider adding in `Cargo.toml` the `check-cfg` lint config for the lint:
             [lints.rust]
             unexpected_cfgs = { level = "warn", check-cfg = ['cfg(fuzzing)'] }
    = help: or consider adding `println!("cargo::rustc-check-cfg=cfg(fuzzing)");` to the top of the `build.rs`
    = note: see <https://doc.rust-lang.org/nightly/rustc/check-cfg/cargo-specifics.html> for more information about checking conditional configuration

warning: `libflate` (lib) generated 6 warnings (1 duplicate)
   Compiling osdk-heap-allocator v0.17.0 (/home/lby/os_com_codex/asterinas/osdk/deps/heap-allocator)
   Compiling aster-console v0.1.0 (/home/lby/os_com_codex/asterinas/kernel/comps/console)
   Compiling aster-input v0.1.0 (/home/lby/os_com_codex/asterinas/kernel/comps/input)
   Compiling aster-cmdline v0.1.0 (/home/lby/os_com_codex/asterinas/kernel/comps/cmdline)
   Compiling aster-pci v0.1.0 (/home/lby/os_com_codex/asterinas/kernel/comps/pci)
   Compiling osdk-frame-allocator v0.17.0 (/home/lby/os_com_codex/asterinas/osdk/deps/frame-allocator)
   Compiling xarray v0.1.0 (/home/lby/os_com_codex/asterinas/kernel/libs/xarray)
   Compiling aster-logger v0.1.0 (/home/lby/os_com_codex/asterinas/kernel/comps/logger)
   Compiling aster-uart v0.1.0 (/home/lby/os_com_codex/asterinas/kernel/comps/uart)
   Compiling aster-framebuffer v0.1.0 (/home/lby/os_com_codex/asterinas/kernel/comps/framebuffer)
   Compiling aster-i8042 v0.1.0 (/home/lby/os_com_codex/asterinas/kernel/comps/i8042)
   Compiling aster-util v0.1.0 (/home/lby/os_com_codex/asterinas/kernel/libs/aster-util)
warning: `xarray` (lib) generated 1 warning (1 duplicate)
warning: `aster-logger` (lib) generated 1 warning (1 duplicate)
warning: `aster-cmdline` (lib) generated 1 warning (1 duplicate)
warning: `aster-uart` (lib) generated 1 warning (1 duplicate)
warning: `osdk-frame-allocator` (lib) generated 1 warning (1 duplicate)
   Compiling aster-softirq v0.1.0 (/home/lby/os_com_codex/asterinas/kernel/comps/softirq)
   Compiling device-id v0.1.0 (/home/lby/os_com_codex/asterinas/kernel/libs/device-id)
   Compiling aster-time v0.1.0 (/home/lby/os_com_codex/asterinas/kernel/comps/time)
   Compiling aster-systree v0.1.0 (/home/lby/os_com_codex/asterinas/kernel/comps/systree)
warning: `device-id` (lib) generated 1 warning (1 duplicate)
warning: `aster-util` (lib) generated 1 warning (1 duplicate)
warning: `aster-input` (lib) generated 1 warning (1 duplicate)
warning: `aster-console` (lib) generated 1 warning (1 duplicate)
warning: `aster-pci` (lib) generated 1 warning (1 duplicate)
   Compiling aster-block v0.1.0 (/home/lby/os_com_codex/asterinas/kernel/comps/block)
   Compiling aster-bigtcp v0.1.0 (/home/lby/os_com_codex/asterinas/kernel/libs/aster-bigtcp)
warning: `aster-time` (lib) generated 1 warning (1 duplicate)
warning: `aster-framebuffer` (lib) generated 1 warning (1 duplicate)
warning: `aster-softirq` (lib) generated 1 warning (1 duplicate)
warning: `osdk-heap-allocator` (lib) generated 1 warning (1 duplicate)
warning: `aster-i8042` (lib) generated 1 warning (1 duplicate)
   Compiling aster-network v0.1.0 (/home/lby/os_com_codex/asterinas/kernel/comps/network)
   Compiling aster-mlsdisk v0.1.0 (/home/lby/os_com_codex/asterinas/kernel/comps/mlsdisk)
warning: `aster-bigtcp` (lib) generated 1 warning (1 duplicate)
warning: `aster-systree` (lib) generated 1 warning (1 duplicate)
   Compiling aster-virtio v0.1.0 (/home/lby/os_com_codex/asterinas/kernel/comps/virtio)
warning: `aster-block` (lib) generated 1 warning (1 duplicate)
warning: `aster-network` (lib) generated 1 warning (1 duplicate)
warning: `ostd` (lib) generated 1 warning (1 duplicate)
   Compiling aster-kernel v0.1.0 (/home/lby/os_com_codex/asterinas/kernel)
warning: `aster-virtio` (lib) generated 1 warning (1 duplicate)
warning: `aster-mlsdisk` (lib) generated 1 warning (1 duplicate)
warning: constant `JOURNALED_SMALL_WRITE_MAX_BYTES` is never used
  --> /home/lby/os_com_codex/asterinas/kernel/src/fs/ext4/fs.rs:88:7
   |
88 | const JOURNALED_SMALL_WRITE_MAX_BYTES: usize = 192;
   |       ^^^^^^^^^^^^^^^^^^^^^^^^^^^^^^^
   |
   = note: `#[warn(dead_code)]` (part of `#[warn(unused)]`) on by default

warning: methods `commit_pending_jbd2_transactions` and `block_device` are never used
    --> /home/lby/os_com_codex/asterinas/kernel/src/fs/ext4/fs.rs:2393:8
     |
1613 | impl Ext4Fs {
     | ----------- methods in this implementation
...
2393 |     fn commit_pending_jbd2_transactions(&self) {
     |        ^^^^^^^^^^^^^^^^^^^^^^^^^^^^^^^^
...
6040 |     pub(super) fn block_device(&self) -> &Arc<dyn BlockDevice> {
     |                   ^^^^^^^^^^^^

warning: `aster-kernel` (lib) generated 3 warnings (1 duplicate)
   Compiling aster-kernel-osdk-bin v0.1.0 (/tmp/os_com_codex_kernel_target/osdk/aster-kernel-run-base)
warning: `aster-kernel-osdk-bin` (bin "aster-kernel-osdk-bin") generated 1 warning (1 duplicate)
    Finished `release-lto` profile [optimized] target(s) in 1m 33s
/home/lby/.local/bin/qemu-system-x86_64: line 9: /home/lby/os_com/asterinas/.local/qemu-root2/usr/bin/qemu-system-x86_64: No such file or directory
